// Jest Snapshot v1, https://goo.gl/fbAQLP

exports[`CourseCard component List snapshot 1`] = `
<li
  class="block min-w-80 rounded-lg p-3 border shadow-md shadow-gray-500 hover:scale-105"
>
  <a
    href="course/"
  >
    <div
      class="relative h-28 w-64 mx-auto group"
      data-testid="group"
    >
      <img
        alt=""
        class="absolute top-0 h-full w-full rounded-md object-cover group-hover:hidden"
        src="/cover.webp"
      />
      <video
        class="absolute top-0 h-full w-full opacity-0 rounded-md object-cover group-hover:opacity-100"
        data-testid="video-player"
        id=""
        loop=""
        preload="none"
      />
    </div>
    <div
      class="mt-1"
    >
      <p
        class="font-medium"
      />
      <p
        class="text-sm text-gray-500"
      />
      <div
        class="flex items-center gap-3 mt-1 text-xs"
      >
        <div>
          <p
            class="text-gray-500"
          >
            Lessons
          </p>
          <p
            class="flex font-medium gap-1"
          >
            <svg
              enable-background="new 0 0 48 48"
              fill="currentColor"
              height="16"
              stroke="currentColor"
              stroke-width="0"
              version="1"
              viewBox="0 0 48 48"
              width="16"
              xmlns="http://www.w3.org/2000/svg"
            >
              <g
                fill="#D1C4E9"
              >
                <path
                  d="M38,7H10C8.9,7,8,7.9,8,9v6c0,1.1,0.9,2,2,2h28c1.1,0,2-0.9,2-2V9C40,7.9,39.1,7,38,7z"
                />
                <path
                  d="M38,19H10c-1.1,0-2,0.9-2,2v6c0,1.1,0.9,2,2,2h28c1.1,0,2-0.9,2-2v-6C40,19.9,39.1,19,38,19z"
                />
                <path
                  d="M38,31H10c-1.1,0-2,0.9-2,2v6c0,1.1,0.9,2,2,2h28c1.1,0,2-0.9,2-2v-6C40,31.9,39.1,31,38,31z"
                />
              </g>
              <circle
                cx="38"
                cy="38"
                fill="#43A047"
                r="10"
              />
              <polygon
                fill="#DCEDC8"
                points="42.5,33.3 36.8,39 34.1,36.3 32,38.5 36.8,43.3 44.6,35.5"
              />
            </svg>
            0
          </p>
        </div>
        <div>
          <p
            class="text-gray-500"
          >
            Rating
          </p>
          <p
            class="flex font-medium gap-1"
          >
            <svg
              enable-background="new 0 0 48 48"
              fill="currentColor"
              height="16"
              stroke="currentColor"
              stroke-width="0"
              version="1"
              viewBox="0 0 48 48"
              width="16"
              xmlns="http://www.w3.org/2000/svg"
            >
              <g
                fill="#00BCD4"
              >
                <rect
                  height="20"
                  width="10"
                  x="19"
                  y="22"
                />
                <rect
                  height="34"
                  width="10"
                  x="32"
                  y="8"
                />
                <rect
                  height="12"
                  width="10"
                  x="6"
                  y="30"
                />
              </g>
              <g
                fill="#3F51B5"
              >
                <polygon
                  points="11,8 21,18 21,8"
                />
                <rect
                  height="14.1"
                  transform="matrix(-.707 -.707 .707 -.707 10.879 36.506)"
                  width="4"
                  x="11"
                  y="8.9"
                />
              </g>
            </svg>
            0
          </p>
        </div>
        <div>
          <div
            class="flex gap-2"
          >
            <p
              class="text-gray-500"
            >
              Skills
            </p>
            <svg
              enable-background="new 0 0 48 48"
              fill="currentColor"
              height="16"
              stroke="currentColor"
              stroke-width="0"
              version="1"
              viewBox="0 0 48 48"
              width="16"
              xmlns="http://www.w3.org/2000/svg"
            >
              <path
                d="M40,22h-8l-4,4V12c0-2.2,1.8-4,4-4h8c2.2,0,4,1.8,4,4v6C44,20.2,42.2,22,40,22z"
                fill="#2196F3"
              />
              <circle
                cx="17"
                cy="19"
                fill="#FFA726"
                r="8"
              />
              <path
                d="M30,36.7c0,0-3.6-6.7-13-6.7S4,36.7,4,36.7V40h26V36.7z"
                fill="#607D8B"
              />
            </svg>
          </div>
          <ul />
        </div>
      </div>
    </div>
  </a>
</li>
`;
