// Jest Snapshot v1, https://goo.gl/fbAQLP

exports[`Course component Course snapshot 1`] = `
<div
  class="p-3"
  data-testid="course-page"
>
  <svg
    class="cursor-pointer"
    enable-background="new 0 0 48 48"
    fill="currentColor"
    height="1em"
    role="link"
    stroke="currentColor"
    stroke-width="0"
    version="1"
    viewBox="0 0 48 48"
    width="1em"
    xmlns="http://www.w3.org/2000/svg"
  >
    <g
      fill="#00BCD4"
    >
      <polygon
        points="5,18 19,6.3 19,29.7"
      />
      <path
        d="M28,14H16v8h12c2.8,0,5,2.2,5,5s-2.2,5-5,5h-3v8h3c7.2,0,13-5.8,13-13S35.2,14,28,14z"
      />
    </g>
  </svg>
  <div
    class="max-w-160 mx-auto"
  >
    <video
      class="border h-full w-full rounded-md object-cover"
      controls=""
      data-testid="video-player"
      id="3b77ceb6-fb43-4cf5-a25b-8fe9222a0714"
      loop=""
    />
  </div>
  <div
    class="mt-1"
  >
    <p
      class="font-medium"
    >
      The Power of Self-Discipline: How to Stay on Track
    </p>
    <p
      class="text-sm text-gray-500"
    >
      Find the inner strength to overcome procrastination and reach your goals.
    </p>
    <div
      class="flex items-center justify-around text-xs"
    >
      <div
        class="mt-1.5"
      >
        <p
          class="text-gray-500"
        >
          Rating
        </p>
        <p
          class="flex font-medium gap-1"
        >
          <svg
            enable-background="new 0 0 48 48"
            fill="currentColor"
            height="16"
            stroke="currentColor"
            stroke-width="0"
            version="1"
            viewBox="0 0 48 48"
            width="16"
            xmlns="http://www.w3.org/2000/svg"
          >
            <g
              fill="#00BCD4"
            >
              <rect
                height="20"
                width="10"
                x="19"
                y="22"
              />
              <rect
                height="34"
                width="10"
                x="32"
                y="8"
              />
              <rect
                height="12"
                width="10"
                x="6"
                y="30"
              />
            </g>
            <g
              fill="#3F51B5"
            >
              <polygon
                points="11,8 21,18 21,8"
              />
              <rect
                height="14.1"
                transform="matrix(-.707 -.707 .707 -.707 10.879 36.506)"
                width="4"
                x="11"
                y="8.9"
              />
            </g>
          </svg>
          3.5
        </p>
      </div>
      <div
        class="mt-1.5"
      >
        <div
          class="flex gap-2"
        >
          <p
            class="text-gray-500"
          >
            Skills
          </p>
          <svg
            enable-background="new 0 0 48 48"
            fill="currentColor"
            height="16"
            stroke="currentColor"
            stroke-width="0"
            version="1"
            viewBox="0 0 48 48"
            width="16"
            xmlns="http://www.w3.org/2000/svg"
          >
            <path
              d="M40,22h-8l-4,4V12c0-2.2,1.8-4,4-4h8c2.2,0,4,1.8,4,4v6C44,20.2,42.2,22,40,22z"
              fill="#2196F3"
            />
            <circle
              cx="17"
              cy="19"
              fill="#FFA726"
              r="8"
            />
            <path
              d="M30,36.7c0,0-3.6-6.7-13-6.7S4,36.7,4,36.7V40h26V36.7z"
              fill="#607D8B"
            />
          </svg>
        </div>
        <ul>
          <li>
            <p
              class="w-50 font-medium"
            >
              Increasing self-awareness
            </p>
          </li>
        </ul>
      </div>
    </div>
    <div
      class="mt-2"
    >
      <div
        class="flex gap-2 items-center"
      >
        <p
          class="font-medium"
        >
          Lessons
        </p>
        <svg
          enable-background="new 0 0 48 48"
          fill="currentColor"
          height="16"
          stroke="currentColor"
          stroke-width="0"
          version="1"
          viewBox="0 0 48 48"
          width="16"
          xmlns="http://www.w3.org/2000/svg"
        >
          <g
            fill="#D1C4E9"
          >
            <path
              d="M38,7H10C8.9,7,8,7.9,8,9v6c0,1.1,0.9,2,2,2h28c1.1,0,2-0.9,2-2V9C40,7.9,39.1,7,38,7z"
            />
            <path
              d="M38,19H10c-1.1,0-2,0.9-2,2v6c0,1.1,0.9,2,2,2h28c1.1,0,2-0.9,2-2v-6C40,19.9,39.1,19,38,19z"
            />
            <path
              d="M38,31H10c-1.1,0-2,0.9-2,2v6c0,1.1,0.9,2,2,2h28c1.1,0,2-0.9,2-2v-6C40,31.9,39.1,31,38,31z"
            />
          </g>
          <circle
            cx="38"
            cy="38"
            fill="#43A047"
            r="10"
          />
          <polygon
            fill="#DCEDC8"
            points="42.5,33.3 36.8,39 34.1,36.3 32,38.5 36.8,43.3 44.6,35.5"
          />
        </svg>
      </div>
      <ul>
        <li
          class="flex items-center gap-3"
        >
          <video
            class="hidden"
            id="b9ad7391-0f0b-4fe1-b919-6525d76ad3c4"
            loop=""
          />
          <p
            class="cursor-pointer text-blue-800 hover:scale-105 hover:ml-2"
            role="button"
          >
            Why short-term gains arenâ€™t worth it
          </p>
        </li>
      </ul>
    </div>
  </div>
</div>
`;
